[0605/024900.911:INFO:CONSOLE:9] "
%cStop! font-family:helvetica; font-size:20px; font-size:50px; font-weight:bold; color:red; -webkit-text-stroke:1px black;", source: https://static.cdninstagram.com/rsrc.php/v4iJju4/y6/l/en_US-j/51qibAUABY_oYfDQnsESIGJKsPdhuZwnlTsaa6c_y1OvMHgcVJ4CCWKC4fHGZPlv6r9aUyD2ha4TaGa_18N7y_wflTU6h_74-8uMXEOkztNZ5ZrrCxjEFdRGjwdlrqnGwEVA1zrNvhsc-ja18neY9AQkz5zOy2CP2-dlbHmKwAxDYX1zZakI0r4aghtTxTvep2LFN5RKF_1AXP12lphhshD5-sc1pKzMGU-W7Gs.js (9)
[0605/024900.912:INFO:CONSOLE:9] "
%cThis is a browser feature intended for developers. If someone told you to copy-paste something here to enable an Instagram feature or "hack" someone's account, it is a scam and will give them access to your Instagram account. font-family:helvetica; font-size:20px; ", source: https://static.cdninstagram.com/rsrc.php/v4iJju4/y6/l/en_US-j/51qibAUABY_oYfDQnsESIGJKsPdhuZwnlTsaa6c_y1OvMHgcVJ4CCWKC4fHGZPlv6r9aUyD2ha4TaGa_18N7y_wflTU6h_74-8uMXEOkztNZ5ZrrCxjEFdRGjwdlrqnGwEVA1zrNvhsc-ja18neY9AQkz5zOy2CP2-dlbHmKwAxDYX1zZakI0r4aghtTxTvep2LFN5RKF_1AXP12lphhshD5-sc1pKzMGU-W7Gs.js (9)
[0605/024900.913:INFO:CONSOLE:9] "
%cSee https://www.facebook.com/selfxss for more information. font-family:helvetica; font-size:20px; ", source: https://static.cdninstagram.com/rsrc.php/v4iJju4/y6/l/en_US-j/51qibAUABY_oYfDQnsESIGJKsPdhuZwnlTsaa6c_y1OvMHgcVJ4CCWKC4fHGZPlv6r9aUyD2ha4TaGa_18N7y_wflTU6h_74-8uMXEOkztNZ5ZrrCxjEFdRGjwdlrqnGwEVA1zrNvhsc-ja18neY9AQkz5zOy2CP2-dlbHmKwAxDYX1zZakI0r4aghtTxTvep2LFN5RKF_1AXP12lphhshD5-sc1pKzMGU-W7Gs.js (9)
[0605/024900.913:INFO:CONSOLE:9] "
%c ", source: https://static.cdninstagram.com/rsrc.php/v4iJju4/y6/l/en_US-j/51qibAUABY_oYfDQnsESIGJKsPdhuZwnlTsaa6c_y1OvMHgcVJ4CCWKC4fHGZPlv6r9aUyD2ha4TaGa_18N7y_wflTU6h_74-8uMXEOkztNZ5ZrrCxjEFdRGjwdlrqnGwEVA1zrNvhsc-ja18neY9AQkz5zOy2CP2-dlbHmKwAxDYX1zZakI0r4aghtTxTvep2LFN5RKF_1AXP12lphhshD5-sc1pKzMGU-W7Gs.js (9)
[0605/024904.355:INFO:CONSOLE:242] "Permissions policy violation: unload is not allowed in this document.", source: https://static.xx.fbcdn.net/rsrc.php/v4/yA/r/llpHPzBZ1ZW.js (242)
[0605/024905.777:INFO:CONSOLE:9] "
%cStop! font-family:helvetica; font-size:20px; font-size:50px; font-weight:bold; color:red; -webkit-text-stroke:1px black;", source: https://static.cdninstagram.com/rsrc.php/v4ijWG4/y3/l/en_US-j/51qibAUABY_.js (9)
[0605/024905.778:INFO:CONSOLE:9] "
%cThis is a browser feature intended for developers. If someone told you to copy-paste something here to enable an Instagram feature or "hack" someone's account, it is a scam and will give them access to your Instagram account. font-family:helvetica; font-size:20px; ", source: https://static.cdninstagram.com/rsrc.php/v4ijWG4/y3/l/en_US-j/51qibAUABY_.js (9)
[0605/024905.778:INFO:CONSOLE:9] "
%cSee https://www.facebook.com/selfxss for more information. font-family:helvetica; font-size:20px; ", source: https://static.cdninstagram.com/rsrc.php/v4ijWG4/y3/l/en_US-j/51qibAUABY_.js (9)
[0605/024905.778:INFO:CONSOLE:9] "
%c ", source: https://static.cdninstagram.com/rsrc.php/v4ijWG4/y3/l/en_US-j/51qibAUABY_.js (9)
[0605/024909.133:INFO:CONSOLE:242] "Permissions policy violation: unload is not allowed in this document.", source: https://static.xx.fbcdn.net/rsrc.php/v4/yA/r/llpHPzBZ1ZW.js (242)
[0605/024921.756:INFO:CONSOLE:9] "
%cStop! font-family:helvetica; font-size:20px; font-size:50px; font-weight:bold; color:red; -webkit-text-stroke:1px black;", source: https://static.cdninstagram.com/rsrc.php/v4irv04/yQ/l/en_US-j/51qibAUABY_oYfDQnsESIGJKsPdhuZwnlTsaa6c_y1OvMHgcVJ4CCWK0FbROOjSCWMcBg9OemlgFH0MgvGFgTubtlTU6h_74-8urrCxjEFdRGjiFGHh9ozlMI1zrNvhsc-jaRNaFkNqV8N6zOy2CP2-dlbyGqTimKZo9OGEQU7zfdBVPZakI0r4aghtTxTvep2LFN5oAuND9D_0JfekI19jA5aZRn8rpF3IQmDLphhshD5-sc1xYfbyGOwiUByxdkJx4O5Nr65F8VQprIY2pKzMGU-W7GsTMMsiJC02ezTs0tV7QrR7o.js (9)
[0605/024921.756:INFO:CONSOLE:9] "
%cThis is a browser feature intended for developers. If someone told you to copy-paste something here to enable an Instagram feature or "hack" someone's account, it is a scam and will give them access to your Instagram account. font-family:helvetica; font-size:20px; ", source: https://static.cdninstagram.com/rsrc.php/v4irv04/yQ/l/en_US-j/51qibAUABY_oYfDQnsESIGJKsPdhuZwnlTsaa6c_y1OvMHgcVJ4CCWK0FbROOjSCWMcBg9OemlgFH0MgvGFgTubtlTU6h_74-8urrCxjEFdRGjiFGHh9ozlMI1zrNvhsc-jaRNaFkNqV8N6zOy2CP2-dlbyGqTimKZo9OGEQU7zfdBVPZakI0r4aghtTxTvep2LFN5oAuND9D_0JfekI19jA5aZRn8rpF3IQmDLphhshD5-sc1xYfbyGOwiUByxdkJx4O5Nr65F8VQprIY2pKzMGU-W7GsTMMsiJC02ezTs0tV7QrR7o.js (9)
[0605/024921.757:INFO:CONSOLE:9] "
%cSee https://www.facebook.com/selfxss for more information. font-family:helvetica; font-size:20px; ", source: https://static.cdninstagram.com/rsrc.php/v4irv04/yQ/l/en_US-j/51qibAUABY_oYfDQnsESIGJKsPdhuZwnlTsaa6c_y1OvMHgcVJ4CCWK0FbROOjSCWMcBg9OemlgFH0MgvGFgTubtlTU6h_74-8urrCxjEFdRGjiFGHh9ozlMI1zrNvhsc-jaRNaFkNqV8N6zOy2CP2-dlbyGqTimKZo9OGEQU7zfdBVPZakI0r4aghtTxTvep2LFN5oAuND9D_0JfekI19jA5aZRn8rpF3IQmDLphhshD5-sc1xYfbyGOwiUByxdkJx4O5Nr65F8VQprIY2pKzMGU-W7GsTMMsiJC02ezTs0tV7QrR7o.js (9)
[0605/024921.757:INFO:CONSOLE:9] "
%c ", source: https://static.cdninstagram.com/rsrc.php/v4irv04/yQ/l/en_US-j/51qibAUABY_oYfDQnsESIGJKsPdhuZwnlTsaa6c_y1OvMHgcVJ4CCWK0FbROOjSCWMcBg9OemlgFH0MgvGFgTubtlTU6h_74-8urrCxjEFdRGjiFGHh9ozlMI1zrNvhsc-jaRNaFkNqV8N6zOy2CP2-dlbyGqTimKZo9OGEQU7zfdBVPZakI0r4aghtTxTvep2LFN5oAuND9D_0JfekI19jA5aZRn8rpF3IQmDLphhshD5-sc1xYfbyGOwiUByxdkJx4O5Nr65F8VQprIY2pKzMGU-W7GsTMMsiJC02ezTs0tV7QrR7o.js (9)
[0605/024925.456:INFO:CONSOLE:242] "Permissions policy violation: unload is not allowed in this document.", source: https://static.xx.fbcdn.net/rsrc.php/v4/yA/r/llpHPzBZ1ZW.js (242)
[0605/024929.099:INFO:CONSOLE:9] "
%cStop! font-family:helvetica; font-size:20px; font-size:50px; font-weight:bold; color:red; -webkit-text-stroke:1px black;", source: https://static.cdninstagram.com/rsrc.php/v4izrN4/ys/l/en_US-j/51qibAUABY_oYfDQnsESIGTsaa6c_y1OvC4fHGZPlv6rcBg9OemlgFH9aUyD2ha4TaGa_18N7y_wflTU6h_74-8uMXEOkztNZ5ZrrCxjEFdRGjiFGHh9ozlMIwdlrqnGwEVA1zrNvhsc-ja18neY9AQkz5zOy2CP2-dlbHmKwAxDYX1zphhshD5-sc1yxdkJx4O5NrpKzMGU-W7GsTMMsiJC02ez.js (9)
[0605/024929.099:INFO:CONSOLE:9] "
%cThis is a browser feature intended for developers. If someone told you to copy-paste something here to enable an Instagram feature or "hack" someone's account, it is a scam and will give them access to your Instagram account. font-family:helvetica; font-size:20px; ", source: https://static.cdninstagram.com/rsrc.php/v4izrN4/ys/l/en_US-j/51qibAUABY_oYfDQnsESIGTsaa6c_y1OvC4fHGZPlv6rcBg9OemlgFH9aUyD2ha4TaGa_18N7y_wflTU6h_74-8uMXEOkztNZ5ZrrCxjEFdRGjiFGHh9ozlMIwdlrqnGwEVA1zrNvhsc-ja18neY9AQkz5zOy2CP2-dlbHmKwAxDYX1zphhshD5-sc1yxdkJx4O5NrpKzMGU-W7GsTMMsiJC02ez.js (9)
[0605/024929.099:INFO:CONSOLE:9] "
%cSee https://www.facebook.com/selfxss for more information. font-family:helvetica; font-size:20px; ", source: https://static.cdninstagram.com/rsrc.php/v4izrN4/ys/l/en_US-j/51qibAUABY_oYfDQnsESIGTsaa6c_y1OvC4fHGZPlv6rcBg9OemlgFH9aUyD2ha4TaGa_18N7y_wflTU6h_74-8uMXEOkztNZ5ZrrCxjEFdRGjiFGHh9ozlMIwdlrqnGwEVA1zrNvhsc-ja18neY9AQkz5zOy2CP2-dlbHmKwAxDYX1zphhshD5-sc1yxdkJx4O5NrpKzMGU-W7GsTMMsiJC02ez.js (9)
[0605/024929.099:INFO:CONSOLE:9] "
%c ", source: https://static.cdninstagram.com/rsrc.php/v4izrN4/ys/l/en_US-j/51qibAUABY_oYfDQnsESIGTsaa6c_y1OvC4fHGZPlv6rcBg9OemlgFH9aUyD2ha4TaGa_18N7y_wflTU6h_74-8uMXEOkztNZ5ZrrCxjEFdRGjiFGHh9ozlMIwdlrqnGwEVA1zrNvhsc-ja18neY9AQkz5zOy2CP2-dlbHmKwAxDYX1zphhshD5-sc1yxdkJx4O5NrpKzMGU-W7GsTMMsiJC02ez.js (9)
[0605/024932.473:INFO:CONSOLE:242] "Permissions policy violation: unload is not allowed in this document.", source: https://static.xx.fbcdn.net/rsrc.php/v4/yA/r/llpHPzBZ1ZW.js (242)
